// Jest Snapshot v1, https://goo.gl/fbAQLP

exports[`<PageB> html 1`] = `
<div
  className="try"
>
  页面B
</div>
`;
