// Jest Snapshot v1, https://goo.gl/fbAQLP

exports[`<PageA> html 1`] = `
<div>
  页面A
</div>
`;
